Fatal error: cannot open file '../scripts/new_coloc_SMR_paper.R': No such file or directory
